
Discarded input sections

 .bss           0x00000000        0x0 build/gpio.o
 .ARM.attributes
                0x00000000       0x14 build/gpio.o
 .bss           0x00000000        0x0 build/main.o
 .ARM.attributes
                0x00000000       0x14 build/main.o
 .bss           0x00000000        0x0 build/systemTimer.o
 .ARM.attributes
                0x00000000       0x14 build/systemTimer.o

Memory Configuration

Name             Origin             Length             Attributes
*default*        0x00000000         0xffffffff

Linker script and memory map

LOAD build/gpio.o
LOAD build/main.o
LOAD build/systemTimer.o

.init           0x00000000        0x4
 *(.init)
 .init          0x00000000        0x4 build/main.o
                0x00000000                _start

.text           0x00008000      0x1b4
 *(.text)
 .text          0x00008000       0xdc build/gpio.o
                0x00008000                GetGpioAddress
                0x00008008                SetGpioFunction
                0x00008060                SetGpio
                0x000080a4                GetGpio
 .text          0x000080dc       0x90 build/main.o
 .text          0x0000816c       0x48 build/systemTimer.o
                0x0000816c                GetSystemTimerBase
                0x00008174                GetTimeStamp
                0x00008184                Wait

.data           0x000081b4       0x14
 *(.data)
 .data          0x000081b4        0x0 build/gpio.o
 .data          0x000081b4       0x14 build/main.o
 .data          0x000081c8        0x0 build/systemTimer.o

/DISCARD/
 *(*)
OUTPUT(build/output.elf elf32-littlearm)
